Analysis & Synthesis report for Lab4
Sun Jun 02 20:39:28 2019
Quartus Prime Version 18.1.0 Build 625 09/12/2018 SJ Lite Edition


---------------------
; Table of Contents ;
---------------------
  1. Legal Notice
  2. Analysis & Synthesis Summary
  3. Analysis & Synthesis Settings
  4. Parallel Compilation
  5. Analysis & Synthesis Source Files Read
  6. Analysis & Synthesis Resource Usage Summary
  7. Analysis & Synthesis Resource Utilization by Entity
  8. State Machine - |latticehx1k|uartTxBuf:ufifo|emitcrlf_fsm:emitcrlf_fsm|cstate
  9. State Machine - |latticehx1k|uartTxBuf:ufifo|tx_fsm:tx_fsm|cstate
 10. User-Specified and Inferred Latches
 11. Logic Cells Representing Combinational Loops
 12. Registers Removed During Synthesis
 13. Removed Registers Triggering Further Register Optimizations
 14. General Register Statistics
 15. Multiplexer Restructuring Statistics (Restructuring Performed)
 16. Parameter Settings for User Entity Instance: resetGen:resetGen|N_bit_counter:uu0
 17. Parameter Settings for User Entity Instance: Lab4_140L:Lab_UT|scdp:scdp|regrce:u0
 18. Parameter Settings for User Entity Instance: Lab4_140L:Lab_UT|scdp:scdp|regrce:u1
 19. Parameter Settings for User Entity Instance: Lab4_140L:Lab_UT|scdp:scdp|regrce:u2
 20. Parameter Settings for User Entity Instance: Lab4_140L:Lab_UT|scdp:scdp|regrce:msBitsi
 21. Parameter Settings for User Entity Instance: Lab4_140L:Lab_UT|scdp:scdp|regrce:lsBitsi
 22. Parameter Settings for User Entity Instance: Lab4_140L:Lab_UT|scdp:scdp|regrce:rxdataD
 23. Parameter Settings for User Entity Instance: Lab4_140L:Lab_UT|scdp:scdp|regrce:rddataDV
 24. Parameter Settings for User Entity Instance: Lab4_140L:Lab_UT|scdp:scdp|regrce:k0l
 25. Parameter Settings for User Entity Instance: Lab4_140L:Lab_UT|scdp:scdp|regrce:k0h
 26. Parameter Settings for User Entity Instance: Lab4_140L:Lab_UT|scdp:scdp|regrce:k1l
 27. Parameter Settings for User Entity Instance: Lab4_140L:Lab_UT|scdp:scdp|regrce:k1h
 28. Parameter Settings for User Entity Instance: Lab4_140L:Lab_UT|scdp:scdp|regrce:k2l
 29. Parameter Settings for User Entity Instance: Lab4_140L:Lab_UT|scdp:scdp|regrce:k2h
 30. Parameter Settings for User Entity Instance: Lab4_140L:Lab_UT|scdp:scdp|regrce:k3l
 31. Parameter Settings for User Entity Instance: Lab4_140L:Lab_UT|scdp:scdp|regrce:k3h
 32. Parameter Settings for User Entity Instance: Lab4_140L:Lab_UT|scctrl:scctrl
 33. Parameter Settings for User Entity Instance: Lab4_140L:Lab_UT|scctrl:scctrl|regrce:r1
 34. Parameter Settings for User Entity Instance: Lab4_140L:Lab_UT|scctrl:scctrl|regrce:r2
 35. Parameter Settings for User Entity Instance: Lab4_140L:Lab_UT|scctrl:scctrl|regrce:r3
 36. Parameter Settings for User Entity Instance: Lab4_140L:Lab_UT|scctrl:scctrl|regrce:r4
 37. Port Connectivity Checks: "Lab4_140L:Lab_UT|scctrl:scctrl|regrce:r4"
 38. Port Connectivity Checks: "Lab4_140L:Lab_UT|scctrl:scctrl|regrce:r3"
 39. Port Connectivity Checks: "Lab4_140L:Lab_UT|scctrl:scctrl|regrce:r2"
 40. Port Connectivity Checks: "Lab4_140L:Lab_UT|scctrl:scctrl|regrce:r1"
 41. Port Connectivity Checks: "Lab4_140L:Lab_UT|decodeKeysL4:dk"
 42. Port Connectivity Checks: "Lab4_140L:Lab_UT|scdp:scdp|lfsr:lfsrInst"
 43. Port Connectivity Checks: "Lab4_140L:Lab_UT|scdp:scdp|regrce:rddataDV"
 44. Port Connectivity Checks: "Lab4_140L:Lab_UT|scdp:scdp|regrce:rxdataD"
 45. Port Connectivity Checks: "Lab4_140L:Lab_UT|scdp:scdp|printable:pinst1"
 46. Port Connectivity Checks: "Lab4_140L:Lab_UT|scdp:scdp|printable:pinst0"
 47. Port Connectivity Checks: "resetGen:resetGen|N_bit_counter:uu0"
 48. Port Connectivity Checks: "fake_buart:buart"
 49. Port Connectivity Checks: "fake_pll:uut"
 50. Analysis & Synthesis Messages
 51. Analysis & Synthesis Suppressed Messages



----------------
; Legal Notice ;
----------------
Copyright (C) 2018  Intel Corporation. All rights reserved.
Your use of Intel Corporation's design tools, logic functions 
and other software and tools, and its AMPP partner logic 
functions, and any output files from any of the foregoing 
(including device programming or simulation files), and any 
associated documentation or information are expressly subject 
to the terms and conditions of the Intel Program License 
Subscription Agreement, the Intel Quartus Prime License Agreement,
the Intel FPGA IP License Agreement, or other applicable license
agreement, including, without limitation, that your use is for
the sole purpose of programming logic devices manufactured by
Intel and sold by Intel or its authorized distributors.  Please
refer to the applicable agreement for further details.



+---------------------------------------------------------------------------+
; Analysis & Synthesis Summary                                              ;
+-----------------------------+---------------------------------------------+
; Analysis & Synthesis Status ; Successful - Sun Jun 02 20:39:28 2019       ;
; Quartus Prime Version       ; 18.1.0 Build 625 09/12/2018 SJ Lite Edition ;
; Revision Name               ; Lab4                                        ;
; Top-level Entity Name       ; latticehx1k                                 ;
; Family                      ; MAX V                                       ;
; Total logic elements        ; 6,670                                       ;
; Total pins                  ; 29                                          ;
; Total virtual pins          ; 0                                           ;
; UFM blocks                  ; 0 / 1 ( 0 % )                               ;
+-----------------------------+---------------------------------------------+


+------------------------------------------------------------------------------------------------------------+
; Analysis & Synthesis Settings                                                                              ;
+------------------------------------------------------------------+--------------------+--------------------+
; Option                                                           ; Setting            ; Default Value      ;
+------------------------------------------------------------------+--------------------+--------------------+
; Device                                                           ; 5M2210ZF324I5      ;                    ;
; Top-level entity name                                            ; latticehx1k        ; Lab4               ;
; Family name                                                      ; MAX V              ; Cyclone V          ;
; Use smart compilation                                            ; Off                ; Off                ;
; Enable parallel Assembler and Timing Analyzer during compilation ; On                 ; On                 ;
; Enable compact report table                                      ; Off                ; Off                ;
; Restructure Multiplexers                                         ; Auto               ; Auto               ;
; Create Debugging Nodes for IP Cores                              ; Off                ; Off                ;
; Preserve fewer node names                                        ; On                 ; On                 ;
; Intel FPGA IP Evaluation Mode                                    ; Enable             ; Enable             ;
; Verilog Version                                                  ; Verilog_2001       ; Verilog_2001       ;
; VHDL Version                                                     ; VHDL_1993          ; VHDL_1993          ;
; State Machine Processing                                         ; Auto               ; Auto               ;
; Safe State Machine                                               ; Off                ; Off                ;
; Extract Verilog State Machines                                   ; On                 ; On                 ;
; Extract VHDL State Machines                                      ; On                 ; On                 ;
; Ignore Verilog initial constructs                                ; Off                ; Off                ;
; Iteration limit for constant Verilog loops                       ; 5000               ; 5000               ;
; Iteration limit for non-constant Verilog loops                   ; 250                ; 250                ;
; Add Pass-Through Logic to Inferred RAMs                          ; On                 ; On                 ;
; Infer RAMs from Raw Logic                                        ; On                 ; On                 ;
; Parallel Synthesis                                               ; On                 ; On                 ;
; NOT Gate Push-Back                                               ; On                 ; On                 ;
; Power-Up Don't Care                                              ; On                 ; On                 ;
; Remove Redundant Logic Cells                                     ; Off                ; Off                ;
; Remove Duplicate Registers                                       ; On                 ; On                 ;
; Ignore CARRY Buffers                                             ; Off                ; Off                ;
; Ignore CASCADE Buffers                                           ; Off                ; Off                ;
; Ignore GLOBAL Buffers                                            ; Off                ; Off                ;
; Ignore ROW GLOBAL Buffers                                        ; Off                ; Off                ;
; Ignore LCELL Buffers                                             ; Off                ; Off                ;
; Ignore SOFT Buffers                                              ; On                 ; On                 ;
; Limit AHDL Integers to 32 Bits                                   ; Off                ; Off                ;
; Optimization Technique                                           ; Balanced           ; Balanced           ;
; Carry Chain Length                                               ; 70                 ; 70                 ;
; Auto Carry Chains                                                ; On                 ; On                 ;
; Auto Open-Drain Pins                                             ; On                 ; On                 ;
; Perform WYSIWYG Primitive Resynthesis                            ; Off                ; Off                ;
; Auto Shift Register Replacement                                  ; Auto               ; Auto               ;
; Allow Shift Register Merging across Hierarchies                  ; Auto               ; Auto               ;
; Auto Clock Enable Replacement                                    ; On                 ; On                 ;
; Allow Synchronous Control Signals                                ; On                 ; On                 ;
; Force Use of Synchronous Clear Signals                           ; Off                ; Off                ;
; Auto Resource Sharing                                            ; Off                ; Off                ;
; Use LogicLock Constraints during Resource Balancing              ; On                 ; On                 ;
; Ignore translate_off and synthesis_off directives                ; Off                ; Off                ;
; Report Parameter Settings                                        ; On                 ; On                 ;
; Report Source Assignments                                        ; On                 ; On                 ;
; Report Connectivity Checks                                       ; On                 ; On                 ;
; Ignore Maximum Fan-Out Assignments                               ; Off                ; Off                ;
; Synchronization Register Chain Length                            ; 2                  ; 2                  ;
; Power Optimization During Synthesis                              ; Normal compilation ; Normal compilation ;
; HDL message level                                                ; Level2             ; Level2             ;
; Suppress Register Optimization Related Messages                  ; Off                ; Off                ;
; Number of Removed Registers Reported in Synthesis Report         ; 5000               ; 5000               ;
; Number of Swept Nodes Reported in Synthesis Report               ; 5000               ; 5000               ;
; Number of Inverted Registers Reported in Synthesis Report        ; 100                ; 100                ;
; Clock MUX Protection                                             ; On                 ; On                 ;
; Block Design Naming                                              ; Auto               ; Auto               ;
; Synthesis Effort                                                 ; Auto               ; Auto               ;
; Shift Register Replacement - Allow Asynchronous Clear Signal     ; On                 ; On                 ;
; Analysis & Synthesis Message Level                               ; Medium             ; Medium             ;
; Disable Register Merging Across Hierarchies                      ; Auto               ; Auto               ;
+------------------------------------------------------------------+--------------------+--------------------+


+------------------------------------------+
; Parallel Compilation                     ;
+----------------------------+-------------+
; Processors                 ; Number      ;
+----------------------------+-------------+
; Number detected on machine ; 8           ;
; Maximum allowed            ; 4           ;
;                            ;             ;
; Average used               ; 1.00        ;
; Maximum used               ; 1           ;
;                            ;             ;
; Usage by Processor         ; % Time Used ;
;     Processor 1            ; 100.0%      ;
+----------------------------+-------------+


+------------------------------------------------------------------------------------------------------------------------------------+
; Analysis & Synthesis Source Files Read                                                                                             ;
+----------------------------------+-----------------+------------------------+--------------------------------------------+---------+
; File Name with User-Entered Path ; Used in Netlist ; File Type              ; File Name with Absolute Path               ; Library ;
+----------------------------------+-----------------+------------------------+--------------------------------------------+---------+
; uarttxbuf.v                      ; yes             ; User Verilog HDL File  ; C:/Users/Arman/Desktop/Lab4/uarttxbuf.v    ;         ;
; regrce.v                         ; yes             ; User Verilog HDL File  ; C:/Users/Arman/Desktop/Lab4/regrce.v       ;         ;
; printable.v                      ; yes             ; User Verilog HDL File  ; C:/Users/Arman/Desktop/Lab4/printable.v    ;         ;
; lfsr.v                           ; yes             ; User Verilog HDL File  ; C:/Users/Arman/Desktop/Lab4/lfsr.v         ;         ;
; latticehx1k.v                    ; yes             ; User Verilog HDL File  ; C:/Users/Arman/Desktop/Lab4/latticehx1k.v  ;         ;
; Lab4_140L.v                      ; yes             ; User Verilog HDL File  ; C:/Users/Arman/Desktop/Lab4/Lab4_140L.v    ;         ;
; fake_pll.v                       ; yes             ; User Verilog HDL File  ; C:/Users/Arman/Desktop/Lab4/fake_pll.v     ;         ;
; fake_fifo.v                      ; yes             ; User Verilog HDL File  ; C:/Users/Arman/Desktop/Lab4/fake_fifo.v    ;         ;
; fake_buart.v                     ; yes             ; User Verilog HDL File  ; C:/Users/Arman/Desktop/Lab4/fake_buart.v   ;         ;
; decodeKeysL4.v                   ; yes             ; User Verilog HDL File  ; C:/Users/Arman/Desktop/Lab4/decodeKeysL4.v ;         ;
; bin2AsciiHex.v                   ; yes             ; User Verilog HDL File  ; C:/Users/Arman/Desktop/Lab4/bin2AsciiHex.v ;         ;
; asciiHex2Bin.v                   ; yes             ; User Verilog HDL File  ; C:/Users/Arman/Desktop/Lab4/asciiHex2Bin.v ;         ;
+----------------------------------+-----------------+------------------------+--------------------------------------------+---------+


+-------------------------------------------------------------------------+
; Analysis & Synthesis Resource Usage Summary                             ;
+---------------------------------------------+---------------------------+
; Resource                                    ; Usage                     ;
+---------------------------------------------+---------------------------+
; Total logic elements                        ; 6670                      ;
;     -- Combinational with no register       ; 2993                      ;
;     -- Register only                        ; 3584                      ;
;     -- Combinational with a register        ; 93                        ;
;                                             ;                           ;
; Logic element usage by number of LUT inputs ;                           ;
;     -- 4 input functions                    ; 3001                      ;
;     -- 3 input functions                    ; 30                        ;
;     -- 2 input functions                    ; 52                        ;
;     -- 1 input functions                    ; 3                         ;
;     -- 0 input functions                    ; 0                         ;
;                                             ;                           ;
; Logic elements by mode                      ;                           ;
;     -- normal mode                          ; 6654                      ;
;     -- arithmetic mode                      ; 16                        ;
;     -- qfbk mode                            ; 0                         ;
;     -- register cascade mode                ; 0                         ;
;     -- synchronous clear/load mode          ; 32                        ;
;     -- asynchronous clear/load mode         ; 0                         ;
;                                             ;                           ;
; Total registers                             ; 3677                      ;
; Total logic cells in carry chains           ; 18                        ;
; I/O pins                                    ; 29                        ;
; Maximum fan-out node                        ; fake_pll:uut|PLLOUTCORE~0 ;
; Maximum fan-out                             ; 3678                      ;
; Total fan-out                               ; 23131                     ;
; Average fan-out                             ; 3.45                      ;
+---------------------------------------------+---------------------------+


+----------------------------------------------------------------------------------------------------------------------------------------------------------------------------------------------------------------------------------------------------------------------------------+
; Analysis & Synthesis Resource Utilization by Entity                                                                                                                                                                                                                              ;
+-----------------------------------+-------------+--------------+------------+------+--------------+--------------+-------------------+------------------+-----------------+------------+----------------------------------------------------------+---------------+--------------+
; Compilation Hierarchy Node        ; Logic Cells ; LC Registers ; UFM Blocks ; Pins ; Virtual Pins ; LUT-Only LCs ; Register-Only LCs ; LUT/Register LCs ; Carry Chain LCs ; Packed LCs ; Full Hierarchy Name                                      ; Entity Name   ; Library Name ;
+-----------------------------------+-------------+--------------+------------+------+--------------+--------------+-------------------+------------------+-----------------+------------+----------------------------------------------------------+---------------+--------------+
; |latticehx1k                      ; 6670 (0)    ; 3677         ; 0          ; 29   ; 0            ; 2993 (0)     ; 3584 (0)          ; 93 (0)           ; 18 (0)          ; 0 (0)      ; |latticehx1k                                             ; latticehx1k   ; work         ;
;    |Lab4_140L:Lab_UT|             ; 71 (0)      ; 25           ; 0          ; 0    ; 0            ; 46 (0)       ; 0 (0)             ; 25 (0)           ; 0 (0)           ; 0 (0)      ; |latticehx1k|Lab4_140L:Lab_UT                            ; Lab4_140L     ; work         ;
;       |decodeKeysL4:dk|           ; 11 (11)     ; 0            ; 0          ; 0    ; 0            ; 11 (11)      ; 0 (0)             ; 0 (0)            ; 0 (0)           ; 0 (0)      ; |latticehx1k|Lab4_140L:Lab_UT|decodeKeysL4:dk            ; decodeKeysL4  ; work         ;
;       |scctrl:scctrl|             ; 36 (33)     ; 4            ; 0          ; 0    ; 0            ; 32 (32)      ; 0 (0)             ; 4 (1)            ; 0 (0)           ; 0 (0)      ; |latticehx1k|Lab4_140L:Lab_UT|scctrl:scctrl              ; scctrl        ; work         ;
;          |regrce:r1|              ; 1 (1)       ; 1            ; 0          ; 0    ; 0            ; 0 (0)        ; 0 (0)             ; 1 (1)            ; 0 (0)           ; 0 (0)      ; |latticehx1k|Lab4_140L:Lab_UT|scctrl:scctrl|regrce:r1    ; regrce        ; work         ;
;          |regrce:r2|              ; 1 (1)       ; 1            ; 0          ; 0    ; 0            ; 0 (0)        ; 0 (0)             ; 1 (1)            ; 0 (0)           ; 0 (0)      ; |latticehx1k|Lab4_140L:Lab_UT|scctrl:scctrl|regrce:r2    ; regrce        ; work         ;
;          |regrce:r3|              ; 1 (1)       ; 1            ; 0          ; 0    ; 0            ; 0 (0)        ; 0 (0)             ; 1 (1)            ; 0 (0)           ; 0 (0)      ; |latticehx1k|Lab4_140L:Lab_UT|scctrl:scctrl|regrce:r3    ; regrce        ; work         ;
;       |scdp:scdp|                 ; 24 (0)      ; 21           ; 0          ; 0    ; 0            ; 3 (0)        ; 0 (0)             ; 21 (0)           ; 0 (0)           ; 0 (0)      ; |latticehx1k|Lab4_140L:Lab_UT|scdp:scdp                  ; scdp          ; work         ;
;          |printable:pinst1|       ; 2 (2)       ; 0            ; 0          ; 0    ; 0            ; 2 (2)        ; 0 (0)             ; 0 (0)            ; 0 (0)           ; 0 (0)      ; |latticehx1k|Lab4_140L:Lab_UT|scdp:scdp|printable:pinst1 ; printable     ; work         ;
;          |regrce:lsBitsi|         ; 8 (8)       ; 7            ; 0          ; 0    ; 0            ; 1 (1)        ; 0 (0)             ; 7 (7)            ; 0 (0)           ; 0 (0)      ; |latticehx1k|Lab4_140L:Lab_UT|scdp:scdp|regrce:lsBitsi   ; regrce        ; work         ;
;          |regrce:msBitsi|         ; 6 (6)       ; 6            ; 0          ; 0    ; 0            ; 0 (0)        ; 0 (0)             ; 6 (6)            ; 0 (0)           ; 0 (0)      ; |latticehx1k|Lab4_140L:Lab_UT|scdp:scdp|regrce:msBitsi   ; regrce        ; work         ;
;          |regrce:u2|              ; 8 (8)       ; 8            ; 0          ; 0    ; 0            ; 0 (0)        ; 0 (0)             ; 8 (8)            ; 0 (0)           ; 0 (0)      ; |latticehx1k|Lab4_140L:Lab_UT|scdp:scdp|regrce:u2        ; regrce        ; work         ;
;    |fake_buart:buart|             ; 24 (24)     ; 19           ; 0          ; 0    ; 0            ; 5 (5)        ; 0 (0)             ; 19 (19)          ; 0 (0)           ; 0 (0)      ; |latticehx1k|fake_buart:buart                            ; fake_buart    ; work         ;
;    |fake_pll:uut|                 ; 1 (1)       ; 0            ; 0          ; 0    ; 0            ; 1 (1)        ; 0 (0)             ; 0 (0)            ; 0 (0)           ; 0 (0)      ; |latticehx1k|fake_pll:uut                                ; fake_pll      ; work         ;
;    |resetGen:resetGen|            ; 9 (8)       ; 6            ; 0          ; 0    ; 0            ; 3 (2)        ; 0 (0)             ; 6 (6)            ; 0 (0)           ; 0 (0)      ; |latticehx1k|resetGen:resetGen                           ; resetGen      ; work         ;
;       |N_bit_counter:uu0|         ; 1 (1)       ; 0            ; 0          ; 0    ; 0            ; 1 (1)        ; 0 (0)             ; 0 (0)            ; 0 (0)           ; 0 (0)      ; |latticehx1k|resetGen:resetGen|N_bit_counter:uu0         ; N_bit_counter ; work         ;
;    |uartTxBuf:ufifo|              ; 6565 (12)   ; 3627         ; 0          ; 0    ; 0            ; 2938 (4)     ; 3584 (0)          ; 43 (8)           ; 18 (0)          ; 0 (0)      ; |latticehx1k|uartTxBuf:ufifo                             ; uartTxBuf     ; work         ;
;       |emitcrlf_fsm:emitcrlf_fsm| ; 5 (5)       ; 4            ; 0          ; 0    ; 0            ; 1 (1)        ; 0 (0)             ; 4 (4)            ; 0 (0)           ; 0 (0)      ; |latticehx1k|uartTxBuf:ufifo|emitcrlf_fsm:emitcrlf_fsm   ; emitcrlf_fsm  ; work         ;
;       |fifo:fifo|                 ; 6540 (6540) ; 3609         ; 0          ; 0    ; 0            ; 2931 (2931)  ; 3584 (3584)       ; 25 (25)          ; 18 (18)         ; 0 (0)      ; |latticehx1k|uartTxBuf:ufifo|fifo:fifo                   ; fifo          ; work         ;
;       |tx_fsm:tx_fsm|             ; 8 (8)       ; 6            ; 0          ; 0    ; 0            ; 2 (2)        ; 0 (0)             ; 6 (6)            ; 0 (0)           ; 0 (0)      ; |latticehx1k|uartTxBuf:ufifo|tx_fsm:tx_fsm               ; tx_fsm        ; work         ;
+-----------------------------------+-------------+--------------+------------+------+--------------+--------------+-------------------+------------------+-----------------+------------+----------------------------------------------------------+---------------+--------------+
Note: For table entries with two numbers listed, the numbers in parentheses indicate the number of resources of the given type used by the specific entity alone. The numbers listed outside of parentheses indicate the total resources of the given type used by the specific entity and all of its sub-entities in the hierarchy.


Encoding Type:  One-Hot
+---------------------------------------------------------------------------------+
; State Machine - |latticehx1k|uartTxBuf:ufifo|emitcrlf_fsm:emitcrlf_fsm|cstate   ;
+-----------------+---------------+-----------------+---------------+-------------+
; Name            ; cstate.EMITLF ; cstate.WTEMITCR ; cstate.EMITCR ; cstate.IDLE ;
+-----------------+---------------+-----------------+---------------+-------------+
; cstate.IDLE     ; 0             ; 0               ; 0             ; 0           ;
; cstate.EMITCR   ; 0             ; 0               ; 1             ; 1           ;
; cstate.WTEMITCR ; 0             ; 1               ; 0             ; 1           ;
; cstate.EMITLF   ; 1             ; 0               ; 0             ; 1           ;
+-----------------+---------------+-----------------+---------------+-------------+


Encoding Type:  One-Hot
+-------------------------------------------------------------------------------------------------------------------------+
; State Machine - |latticehx1k|uartTxBuf:ufifo|tx_fsm:tx_fsm|cstate                                                       ;
+------------------+------------------+---------------+-----------------+----------------+------------------+-------------+
; Name             ; cstate.EMITCRLF1 ; cstate.WAITTX ; cstate.STROBETX ; cstate.STARTTX ; cstate.EMITCRLF0 ; cstate.IDLE ;
+------------------+------------------+---------------+-----------------+----------------+------------------+-------------+
; cstate.IDLE      ; 0                ; 0             ; 0               ; 0              ; 0                ; 0           ;
; cstate.EMITCRLF0 ; 0                ; 0             ; 0               ; 0              ; 1                ; 1           ;
; cstate.STARTTX   ; 0                ; 0             ; 0               ; 1              ; 0                ; 1           ;
; cstate.STROBETX  ; 0                ; 0             ; 1               ; 0              ; 0                ; 1           ;
; cstate.WAITTX    ; 0                ; 1             ; 0               ; 0              ; 0                ; 1           ;
; cstate.EMITCRLF1 ; 1                ; 0             ; 0               ; 0              ; 0                ; 1           ;
+------------------+------------------+---------------+-----------------+----------------+------------------+-------------+


+------------------------------------------------------------------------------------------------------------------------+
; User-Specified and Inferred Latches                                                                                    ;
+----------------------------------------------------+------------------------------------------+------------------------+
; Latch Name                                         ; Latch Enable Signal                      ; Free of Timing Hazards ;
+----------------------------------------------------+------------------------------------------+------------------------+
; Lab4_140L:Lab_UT|scctrl:scctrl|state[0]            ; Lab4_140L:Lab_UT|scctrl:scctrl|Mux1      ; yes                    ;
; Lab4_140L:Lab_UT|scctrl:scctrl|state[1]            ; Lab4_140L:Lab_UT|scctrl:scctrl|Mux1      ; yes                    ;
; Lab4_140L:Lab_UT|scctrl:scctrl|state[2]            ; Lab4_140L:Lab_UT|scctrl:scctrl|Mux1      ; yes                    ;
; Lab4_140L:Lab_UT|scctrl:scctrl|state[3]            ; Lab4_140L:Lab_UT|scctrl:scctrl|Mux1      ; yes                    ;
; Lab4_140L:Lab_UT|scctrl:scctrl|inE                 ; Lab4_140L:Lab_UT|scctrl:scctrl|Selector0 ; yes                    ;
; Lab4_140L:Lab_UT|scctrl:scctrl|count[0]            ; Lab4_140L:Lab_UT|scctrl:scctrl|Selector4 ; yes                    ;
; Number of user-specified and inferred latches = 6  ;                                          ;                        ;
+----------------------------------------------------+------------------------------------------+------------------------+
Note: All latches listed above may not be present at the end of synthesis due to various synthesis optimizations.


+------------------------------------------------------------+
; Logic Cells Representing Combinational Loops               ;
+--------------------------------------------------------+---+
; Logic Cell Name                                        ;   ;
+--------------------------------------------------------+---+
; fake_pll:uut|PLLOUTCORE                                ;   ;
; Number of logic cells representing combinational loops ; 1 ;
+--------------------------------------------------------+---+
Note: All cells listed above may not be present at the end of synthesis due to various synthesis optimizations.


+-----------------------------------------------------------------------------------------------------------------+
; Registers Removed During Synthesis                                                                              ;
+----------------------------------------------------+------------------------------------------------------------+
; Register name                                      ; Reason for Removal                                         ;
+----------------------------------------------------+------------------------------------------------------------+
; Lab4_140L:Lab_UT|scdp:scdp|regrce:u1|q[0..3]       ; Stuck at GND due to stuck port data_in                     ;
; Lab4_140L:Lab_UT|scdp:scdp|regrce:u0|q[0..3]       ; Stuck at GND due to stuck port data_in                     ;
; Lab4_140L:Lab_UT|scdp:scdp|regrce:msBitsi|q[5]     ; Merged with Lab4_140L:Lab_UT|scdp:scdp|regrce:lsBitsi|q[5] ;
; Lab4_140L:Lab_UT|scdp:scdp|regrce:msBitsi|q[7]     ; Merged with Lab4_140L:Lab_UT|scdp:scdp|regrce:lsBitsi|q[7] ;
; Lab4_140L:Lab_UT|scdp:scdp|regrce:lsBitsi|q[7]     ; Stuck at GND due to stuck port data_in                     ;
; uartTxBuf:ufifo|txdataD[7]                         ; Stuck at GND due to stuck port data_in                     ;
; uartTxBuf:ufifo|fifo:fifo|rdata[7]                 ; Stuck at GND due to stuck port data_in                     ;
; uartTxBuf:ufifo|emitcrlf_fsm:emitcrlf_fsm|cstate~2 ; Lost fanout                                                ;
; uartTxBuf:ufifo|emitcrlf_fsm:emitcrlf_fsm|cstate~3 ; Lost fanout                                                ;
; uartTxBuf:ufifo|tx_fsm:tx_fsm|cstate~2             ; Lost fanout                                                ;
; uartTxBuf:ufifo|tx_fsm:tx_fsm|cstate~3             ; Lost fanout                                                ;
; uartTxBuf:ufifo|tx_fsm:tx_fsm|cstate~4             ; Lost fanout                                                ;
; Total Number of Removed Registers = 18             ;                                                            ;
+----------------------------------------------------+------------------------------------------------------------+


+----------------------------------------------------------------------------------------------------------------------------------------+
; Removed Registers Triggering Further Register Optimizations                                                                            ;
+-------------------------------------------+---------------------------+----------------------------------------------------------------+
; Register name                             ; Reason for Removal        ; Registers Removed due to This Register                         ;
+-------------------------------------------+---------------------------+----------------------------------------------------------------+
; Lab4_140L:Lab_UT|scdp:scdp|regrce:u1|q[0] ; Stuck at GND              ; uartTxBuf:ufifo|txdataD[7], uartTxBuf:ufifo|fifo:fifo|rdata[7] ;
;                                           ; due to stuck port data_in ;                                                                ;
+-------------------------------------------+---------------------------+----------------------------------------------------------------+


+------------------------------------------------------+
; General Register Statistics                          ;
+----------------------------------------------+-------+
; Statistic                                    ; Value ;
+----------------------------------------------+-------+
; Total registers                              ; 3677  ;
; Number of registers using Synchronous Clear  ; 32    ;
; Number of registers using Synchronous Load   ; 0     ;
; Number of registers using Asynchronous Clear ; 0     ;
; Number of registers using Asynchronous Load  ; 0     ;
; Number of registers using Clock Enable       ; 3624  ;
; Number of registers using Preset             ; 0     ;
+----------------------------------------------+-------+


+---------------------------------------------------------------------------------------------------------------------------------------------------------------------------+
; Multiplexer Restructuring Statistics (Restructuring Performed)                                                                                                            ;
+--------------------+-----------+---------------+----------------------+------------------------+------------+-------------------------------------------------------------+
; Multiplexer Inputs ; Bus Width ; Baseline Area ; Area if Restructured ; Saving if Restructured ; Registered ; Example Multiplexer Output                                  ;
+--------------------+-----------+---------------+----------------------+------------------------+------------+-------------------------------------------------------------+
; 3:1                ; 9 bits    ; 18 LEs        ; 9 LEs                ; 9 LEs                  ; Yes        ; |latticehx1k|uartTxBuf:ufifo|fifo:fifo|rdaddr[5]            ;
; 3:1                ; 4 bits    ; 8 LEs         ; 4 LEs                ; 4 LEs                  ; Yes        ; |latticehx1k|resetGen:resetGen|reset_count[3]               ;
; 3:1                ; 6 bits    ; 12 LEs        ; 12 LEs               ; 0 LEs                  ; Yes        ; |latticehx1k|uartTxBuf:ufifo|txdataD[4]                     ;
; 3:1                ; 12 bits   ; 24 LEs        ; 12 LEs               ; 12 LEs                 ; Yes        ; |latticehx1k|Lab4_140L:Lab_UT|scdp:scdp|regrce:u2|q[7]      ;
; 4:1                ; 2 bits    ; 4 LEs         ; 4 LEs                ; 0 LEs                  ; Yes        ; |latticehx1k|Lab4_140L:Lab_UT|scdp:scdp|regrce:lsBitsi|q[0] ;
; 4:1                ; 2 bits    ; 4 LEs         ; 4 LEs                ; 0 LEs                  ; Yes        ; |latticehx1k|Lab4_140L:Lab_UT|scdp:scdp|regrce:msBitsi|q[0] ;
; 5:1                ; 7 bits    ; 21 LEs        ; 21 LEs               ; 0 LEs                  ; Yes        ; |latticehx1k|fake_buart:buart|fa_data[6]                    ;
; 9:1                ; 2 bits    ; 12 LEs        ; 4 LEs                ; 8 LEs                  ; No         ; |latticehx1k|Lab4_140L:Lab_UT|scctrl:scctrl|Selector0       ;
+--------------------+-----------+---------------+----------------------+------------------------+------------+-------------------------------------------------------------+


+----------------------------------------------------------------------------------+
; Parameter Settings for User Entity Instance: resetGen:resetGen|N_bit_counter:uu0 ;
+----------------+-------+---------------------------------------------------------+
; Parameter Name ; Value ; Type                                                    ;
+----------------+-------+---------------------------------------------------------+
; N              ; 5     ; Signed Integer                                          ;
; N_1            ; 4     ; Signed Integer                                          ;
+----------------+-------+---------------------------------------------------------+
Note: In order to hide this table in the UI and the text report file, please set the "Show Parameter Settings in Synthesis Report" option in "Analysis and Synthesis Settings -> More Settings" to "Off".


+-----------------------------------------------------------------------------------+
; Parameter Settings for User Entity Instance: Lab4_140L:Lab_UT|scdp:scdp|regrce:u0 ;
+----------------+-------+----------------------------------------------------------+
; Parameter Name ; Value ; Type                                                     ;
+----------------+-------+----------------------------------------------------------+
; WIDTH          ; 4     ; Signed Integer                                           ;
+----------------+-------+----------------------------------------------------------+
Note: In order to hide this table in the UI and the text report file, please set the "Show Parameter Settings in Synthesis Report" option in "Analysis and Synthesis Settings -> More Settings" to "Off".


+-----------------------------------------------------------------------------------+
; Parameter Settings for User Entity Instance: Lab4_140L:Lab_UT|scdp:scdp|regrce:u1 ;
+----------------+-------+----------------------------------------------------------+
; Parameter Name ; Value ; Type                                                     ;
+----------------+-------+----------------------------------------------------------+
; WIDTH          ; 4     ; Signed Integer                                           ;
+----------------+-------+----------------------------------------------------------+
Note: In order to hide this table in the UI and the text report file, please set the "Show Parameter Settings in Synthesis Report" option in "Analysis and Synthesis Settings -> More Settings" to "Off".


+-----------------------------------------------------------------------------------+
; Parameter Settings for User Entity Instance: Lab4_140L:Lab_UT|scdp:scdp|regrce:u2 ;
+----------------+-------+----------------------------------------------------------+
; Parameter Name ; Value ; Type                                                     ;
+----------------+-------+----------------------------------------------------------+
; WIDTH          ; 8     ; Signed Integer                                           ;
+----------------+-------+----------------------------------------------------------+
Note: In order to hide this table in the UI and the text report file, please set the "Show Parameter Settings in Synthesis Report" option in "Analysis and Synthesis Settings -> More Settings" to "Off".


+----------------------------------------------------------------------------------------+
; Parameter Settings for User Entity Instance: Lab4_140L:Lab_UT|scdp:scdp|regrce:msBitsi ;
+----------------+-------+---------------------------------------------------------------+
; Parameter Name ; Value ; Type                                                          ;
+----------------+-------+---------------------------------------------------------------+
; WIDTH          ; 8     ; Signed Integer                                                ;
+----------------+-------+---------------------------------------------------------------+
Note: In order to hide this table in the UI and the text report file, please set the "Show Parameter Settings in Synthesis Report" option in "Analysis and Synthesis Settings -> More Settings" to "Off".


+----------------------------------------------------------------------------------------+
; Parameter Settings for User Entity Instance: Lab4_140L:Lab_UT|scdp:scdp|regrce:lsBitsi ;
+----------------+-------+---------------------------------------------------------------+
; Parameter Name ; Value ; Type                                                          ;
+----------------+-------+---------------------------------------------------------------+
; WIDTH          ; 8     ; Signed Integer                                                ;
+----------------+-------+---------------------------------------------------------------+
Note: In order to hide this table in the UI and the text report file, please set the "Show Parameter Settings in Synthesis Report" option in "Analysis and Synthesis Settings -> More Settings" to "Off".


+----------------------------------------------------------------------------------------+
; Parameter Settings for User Entity Instance: Lab4_140L:Lab_UT|scdp:scdp|regrce:rxdataD ;
+----------------+-------+---------------------------------------------------------------+
; Parameter Name ; Value ; Type                                                          ;
+----------------+-------+---------------------------------------------------------------+
; WIDTH          ; 4     ; Signed Integer                                                ;
+----------------+-------+---------------------------------------------------------------+
Note: In order to hide this table in the UI and the text report file, please set the "Show Parameter Settings in Synthesis Report" option in "Analysis and Synthesis Settings -> More Settings" to "Off".


+-----------------------------------------------------------------------------------------+
; Parameter Settings for User Entity Instance: Lab4_140L:Lab_UT|scdp:scdp|regrce:rddataDV ;
+----------------+-------+----------------------------------------------------------------+
; Parameter Name ; Value ; Type                                                           ;
+----------------+-------+----------------------------------------------------------------+
; WIDTH          ; 1     ; Signed Integer                                                 ;
+----------------+-------+----------------------------------------------------------------+
Note: In order to hide this table in the UI and the text report file, please set the "Show Parameter Settings in Synthesis Report" option in "Analysis and Synthesis Settings -> More Settings" to "Off".


+------------------------------------------------------------------------------------+
; Parameter Settings for User Entity Instance: Lab4_140L:Lab_UT|scdp:scdp|regrce:k0l ;
+----------------+-------+-----------------------------------------------------------+
; Parameter Name ; Value ; Type                                                      ;
+----------------+-------+-----------------------------------------------------------+
; WIDTH          ; 4     ; Signed Integer                                            ;
+----------------+-------+-----------------------------------------------------------+
Note: In order to hide this table in the UI and the text report file, please set the "Show Parameter Settings in Synthesis Report" option in "Analysis and Synthesis Settings -> More Settings" to "Off".


+------------------------------------------------------------------------------------+
; Parameter Settings for User Entity Instance: Lab4_140L:Lab_UT|scdp:scdp|regrce:k0h ;
+----------------+-------+-----------------------------------------------------------+
; Parameter Name ; Value ; Type                                                      ;
+----------------+-------+-----------------------------------------------------------+
; WIDTH          ; 4     ; Signed Integer                                            ;
+----------------+-------+-----------------------------------------------------------+
Note: In order to hide this table in the UI and the text report file, please set the "Show Parameter Settings in Synthesis Report" option in "Analysis and Synthesis Settings -> More Settings" to "Off".


+------------------------------------------------------------------------------------+
; Parameter Settings for User Entity Instance: Lab4_140L:Lab_UT|scdp:scdp|regrce:k1l ;
+----------------+-------+-----------------------------------------------------------+
; Parameter Name ; Value ; Type                                                      ;
+----------------+-------+-----------------------------------------------------------+
; WIDTH          ; 4     ; Signed Integer                                            ;
+----------------+-------+-----------------------------------------------------------+
Note: In order to hide this table in the UI and the text report file, please set the "Show Parameter Settings in Synthesis Report" option in "Analysis and Synthesis Settings -> More Settings" to "Off".


+------------------------------------------------------------------------------------+
; Parameter Settings for User Entity Instance: Lab4_140L:Lab_UT|scdp:scdp|regrce:k1h ;
+----------------+-------+-----------------------------------------------------------+
; Parameter Name ; Value ; Type                                                      ;
+----------------+-------+-----------------------------------------------------------+
; WIDTH          ; 4     ; Signed Integer                                            ;
+----------------+-------+-----------------------------------------------------------+
Note: In order to hide this table in the UI and the text report file, please set the "Show Parameter Settings in Synthesis Report" option in "Analysis and Synthesis Settings -> More Settings" to "Off".


+------------------------------------------------------------------------------------+
; Parameter Settings for User Entity Instance: Lab4_140L:Lab_UT|scdp:scdp|regrce:k2l ;
+----------------+-------+-----------------------------------------------------------+
; Parameter Name ; Value ; Type                                                      ;
+----------------+-------+-----------------------------------------------------------+
; WIDTH          ; 4     ; Signed Integer                                            ;
+----------------+-------+-----------------------------------------------------------+
Note: In order to hide this table in the UI and the text report file, please set the "Show Parameter Settings in Synthesis Report" option in "Analysis and Synthesis Settings -> More Settings" to "Off".


+------------------------------------------------------------------------------------+
; Parameter Settings for User Entity Instance: Lab4_140L:Lab_UT|scdp:scdp|regrce:k2h ;
+----------------+-------+-----------------------------------------------------------+
; Parameter Name ; Value ; Type                                                      ;
+----------------+-------+-----------------------------------------------------------+
; WIDTH          ; 4     ; Signed Integer                                            ;
+----------------+-------+-----------------------------------------------------------+
Note: In order to hide this table in the UI and the text report file, please set the "Show Parameter Settings in Synthesis Report" option in "Analysis and Synthesis Settings -> More Settings" to "Off".


+------------------------------------------------------------------------------------+
; Parameter Settings for User Entity Instance: Lab4_140L:Lab_UT|scdp:scdp|regrce:k3l ;
+----------------+-------+-----------------------------------------------------------+
; Parameter Name ; Value ; Type                                                      ;
+----------------+-------+-----------------------------------------------------------+
; WIDTH          ; 4     ; Signed Integer                                            ;
+----------------+-------+-----------------------------------------------------------+
Note: In order to hide this table in the UI and the text report file, please set the "Show Parameter Settings in Synthesis Report" option in "Analysis and Synthesis Settings -> More Settings" to "Off".


+------------------------------------------------------------------------------------+
; Parameter Settings for User Entity Instance: Lab4_140L:Lab_UT|scdp:scdp|regrce:k3h ;
+----------------+-------+-----------------------------------------------------------+
; Parameter Name ; Value ; Type                                                      ;
+----------------+-------+-----------------------------------------------------------+
; WIDTH          ; 4     ; Signed Integer                                            ;
+----------------+-------+-----------------------------------------------------------+
Note: In order to hide this table in the UI and the text report file, please set the "Show Parameter Settings in Synthesis Report" option in "Analysis and Synthesis Settings -> More Settings" to "Off".


+-----------------------------------------------------------------------------+
; Parameter Settings for User Entity Instance: Lab4_140L:Lab_UT|scctrl:scctrl ;
+----------------+-------+----------------------------------------------------+
; Parameter Name ; Value ; Type                                               ;
+----------------+-------+----------------------------------------------------+
; idle           ; 0     ; Signed Integer                                     ;
; encrypt        ; 1     ; Signed Integer                                     ;
; decrypt        ; 2     ; Signed Integer                                     ;
; load           ; 3     ; Signed Integer                                     ;
; load1          ; 4     ; Signed Integer                                     ;
; load2          ; 5     ; Signed Integer                                     ;
; load3          ; 6     ; Signed Integer                                     ;
; load4          ; 7     ; Signed Integer                                     ;
; load5          ; 8     ; Signed Integer                                     ;
; load6          ; 9     ; Signed Integer                                     ;
; load7          ; 10    ; Signed Integer                                     ;
; load8          ; 11    ; Signed Integer                                     ;
+----------------+-------+----------------------------------------------------+
Note: In order to hide this table in the UI and the text report file, please set the "Show Parameter Settings in Synthesis Report" option in "Analysis and Synthesis Settings -> More Settings" to "Off".


+---------------------------------------------------------------------------------------+
; Parameter Settings for User Entity Instance: Lab4_140L:Lab_UT|scctrl:scctrl|regrce:r1 ;
+----------------+-------+--------------------------------------------------------------+
; Parameter Name ; Value ; Type                                                         ;
+----------------+-------+--------------------------------------------------------------+
; WIDTH          ; 1     ; Signed Integer                                               ;
+----------------+-------+--------------------------------------------------------------+
Note: In order to hide this table in the UI and the text report file, please set the "Show Parameter Settings in Synthesis Report" option in "Analysis and Synthesis Settings -> More Settings" to "Off".


+---------------------------------------------------------------------------------------+
; Parameter Settings for User Entity Instance: Lab4_140L:Lab_UT|scctrl:scctrl|regrce:r2 ;
+----------------+-------+--------------------------------------------------------------+
; Parameter Name ; Value ; Type                                                         ;
+----------------+-------+--------------------------------------------------------------+
; WIDTH          ; 1     ; Signed Integer                                               ;
+----------------+-------+--------------------------------------------------------------+
Note: In order to hide this table in the UI and the text report file, please set the "Show Parameter Settings in Synthesis Report" option in "Analysis and Synthesis Settings -> More Settings" to "Off".


+---------------------------------------------------------------------------------------+
; Parameter Settings for User Entity Instance: Lab4_140L:Lab_UT|scctrl:scctrl|regrce:r3 ;
+----------------+-------+--------------------------------------------------------------+
; Parameter Name ; Value ; Type                                                         ;
+----------------+-------+--------------------------------------------------------------+
; WIDTH          ; 1     ; Signed Integer                                               ;
+----------------+-------+--------------------------------------------------------------+
Note: In order to hide this table in the UI and the text report file, please set the "Show Parameter Settings in Synthesis Report" option in "Analysis and Synthesis Settings -> More Settings" to "Off".


+---------------------------------------------------------------------------------------+
; Parameter Settings for User Entity Instance: Lab4_140L:Lab_UT|scctrl:scctrl|regrce:r4 ;
+----------------+-------+--------------------------------------------------------------+
; Parameter Name ; Value ; Type                                                         ;
+----------------+-------+--------------------------------------------------------------+
; WIDTH          ; 1     ; Signed Integer                                               ;
+----------------+-------+--------------------------------------------------------------+
Note: In order to hide this table in the UI and the text report file, please set the "Show Parameter Settings in Synthesis Report" option in "Analysis and Synthesis Settings -> More Settings" to "Off".


+----------------------------------------------------------------------------------------------------------------+
; Port Connectivity Checks: "Lab4_140L:Lab_UT|scctrl:scctrl|regrce:r4"                                           ;
+------+--------+----------+-------------------------------------------------------------------------------------+
; Port ; Type   ; Severity ; Details                                                                             ;
+------+--------+----------+-------------------------------------------------------------------------------------+
; q    ; Output ; Info     ; Connected to dangling logic. Logic that only feeds a dangling port will be removed. ;
; ce   ; Input  ; Info     ; Stuck at VCC                                                                        ;
+------+--------+----------+-------------------------------------------------------------------------------------+


+----------------------------------------------------------------------+
; Port Connectivity Checks: "Lab4_140L:Lab_UT|scctrl:scctrl|regrce:r3" ;
+------+-------+----------+--------------------------------------------+
; Port ; Type  ; Severity ; Details                                    ;
+------+-------+----------+--------------------------------------------+
; ce   ; Input ; Info     ; Stuck at VCC                               ;
+------+-------+----------+--------------------------------------------+


+----------------------------------------------------------------------+
; Port Connectivity Checks: "Lab4_140L:Lab_UT|scctrl:scctrl|regrce:r2" ;
+------+-------+----------+--------------------------------------------+
; Port ; Type  ; Severity ; Details                                    ;
+------+-------+----------+--------------------------------------------+
; ce   ; Input ; Info     ; Stuck at VCC                               ;
+------+-------+----------+--------------------------------------------+


+----------------------------------------------------------------------+
; Port Connectivity Checks: "Lab4_140L:Lab_UT|scctrl:scctrl|regrce:r1" ;
+------+-------+----------+--------------------------------------------+
; Port ; Type  ; Severity ; Details                                    ;
+------+-------+----------+--------------------------------------------+
; ce   ; Input ; Info     ; Stuck at VCC                               ;
+------+-------+----------+--------------------------------------------+


+--------------------------------------------------------------+
; Port Connectivity Checks: "Lab4_140L:Lab_UT|decodeKeysL4:dk" ;
+--------+--------+----------+---------------------------------+
; Port   ; Type   ; Severity ; Details                         ;
+--------+--------+----------+---------------------------------+
; de_esc ; Output ; Info     ; Explicitly unconnected          ;
+--------+--------+----------+---------------------------------+


+-------------------------------------------------------------------------------------------------------------------+
; Port Connectivity Checks: "Lab4_140L:Lab_UT|scdp:scdp|lfsr:lfsrInst"                                              ;
+---------+--------+----------+-------------------------------------------------------------------------------------+
; Port    ; Type   ; Severity ; Details                                                                             ;
+---------+--------+----------+-------------------------------------------------------------------------------------+
; lfsrVal ; Output ; Info     ; Connected to dangling logic. Logic that only feeds a dangling port will be removed. ;
+---------+--------+----------+-------------------------------------------------------------------------------------+


+------------------------------------------------------------------------+
; Port Connectivity Checks: "Lab4_140L:Lab_UT|scdp:scdp|regrce:rddataDV" ;
+------+-------+----------+----------------------------------------------+
; Port ; Type  ; Severity ; Details                                      ;
+------+-------+----------+----------------------------------------------+
; ce   ; Input ; Info     ; Stuck at VCC                                 ;
+------+-------+----------+----------------------------------------------+


+-----------------------------------------------------------------------+
; Port Connectivity Checks: "Lab4_140L:Lab_UT|scdp:scdp|regrce:rxdataD" ;
+------+-------+----------+---------------------------------------------+
; Port ; Type  ; Severity ; Details                                     ;
+------+-------+----------+---------------------------------------------+
; ce   ; Input ; Info     ; Stuck at VCC                                ;
+------+-------+----------+---------------------------------------------+


+-------------------------------------------------------------------------+
; Port Connectivity Checks: "Lab4_140L:Lab_UT|scdp:scdp|printable:pinst1" ;
+-------+--------+----------+---------------------------------------------+
; Port  ; Type   ; Severity ; Details                                     ;
+-------+--------+----------+---------------------------------------------+
; pChar ; Output ; Info     ; Explicitly unconnected                      ;
+-------+--------+----------+---------------------------------------------+


+-------------------------------------------------------------------------+
; Port Connectivity Checks: "Lab4_140L:Lab_UT|scdp:scdp|printable:pinst0" ;
+--------+--------+----------+--------------------------------------------+
; Port   ; Type   ; Severity ; Details                                    ;
+--------+--------+----------+--------------------------------------------+
; pValid ; Output ; Info     ; Explicitly unconnected                     ;
+--------+--------+----------+--------------------------------------------+


+-----------------------------------------------------------------+
; Port Connectivity Checks: "resetGen:resetGen|N_bit_counter:uu0" ;
+------+-------+----------+---------------------------------------+
; Port ; Type  ; Severity ; Details                               ;
+------+-------+----------+---------------------------------------+
; up   ; Input ; Info     ; Stuck at VCC                          ;
+------+-------+----------+---------------------------------------+


+----------------------------------------------+
; Port Connectivity Checks: "fake_buart:buart" ;
+------+-------+----------+--------------------+
; Port ; Type  ; Severity ; Details            ;
+------+-------+----------+--------------------+
; rd   ; Input ; Info     ; Stuck at VCC       ;
+------+-------+----------+--------------------+


+-----------------------------------------------------------+
; Port Connectivity Checks: "fake_pll:uut"                  ;
+--------------+--------+----------+------------------------+
; Port         ; Type   ; Severity ; Details                ;
+--------------+--------+----------+------------------------+
; PLLOUTGLOBAL ; Output ; Info     ; Explicitly unconnected ;
; RESETB       ; Input  ; Info     ; Stuck at VCC           ;
; BYPASS       ; Input  ; Info     ; Stuck at GND           ;
+--------------+--------+----------+------------------------+


+-------------------------------+
; Analysis & Synthesis Messages ;
+-------------------------------+
Info: *******************************************************************
Info: Running Quartus Prime Analysis & Synthesis
    Info: Version 18.1.0 Build 625 09/12/2018 SJ Lite Edition
    Info: Processing started: Sun Jun 02 20:39:16 2019
Info: Command: quartus_map --read_settings_files=on --write_settings_files=off Lab4 -c Lab4
Warning (18236): Number of processors has not been specified which may cause overloading on shared machines.  Set the global assignment NUM_PARALLEL_PROCESSORS in your QSF to an appropriate value for best performance.
Info (20030): Parallel compilation is enabled and will use 4 of the 4 processors detected
Info (12021): Found 3 design units, including 3 entities, in source file uarttxbuf.v
    Info (12023): Found entity 1: uartTxBuf File: C:/Users/Arman/Desktop/Lab4/uarttxbuf.v Line: 13
    Info (12023): Found entity 2: emitcrlf_fsm File: C:/Users/Arman/Desktop/Lab4/uarttxbuf.v Line: 173
    Info (12023): Found entity 3: tx_fsm File: C:/Users/Arman/Desktop/Lab4/uarttxbuf.v Line: 242
Info (12021): Found 1 design units, including 1 entities, in source file top_sft.v
    Info (12023): Found entity 1: top_sft File: C:/Users/Arman/Desktop/Lab4/top_sft.v Line: 1
Info (12021): Found 1 design units, including 1 entities, in source file tb_sft.v
    Info (12023): Found entity 1: tb_sft File: C:/Users/Arman/Desktop/Lab4/tb_sft.v Line: 35
Info (12021): Found 1 design units, including 1 entities, in source file regrce.v
    Info (12023): Found entity 1: regrce File: C:/Users/Arman/Desktop/Lab4/regrce.v Line: 39
Info (12021): Found 1 design units, including 1 entities, in source file printable.v
    Info (12023): Found entity 1: printable File: C:/Users/Arman/Desktop/Lab4/printable.v Line: 7
Info (12021): Found 1 design units, including 1 entities, in source file lfsr.v
    Info (12023): Found entity 1: lfsr File: C:/Users/Arman/Desktop/Lab4/lfsr.v Line: 1
Info (12021): Found 3 design units, including 3 entities, in source file latticehx1k.v
    Info (12023): Found entity 1: resetGen File: C:/Users/Arman/Desktop/Lab4/latticehx1k.v Line: 64
    Info (12023): Found entity 2: latticehx1k File: C:/Users/Arman/Desktop/Lab4/latticehx1k.v Line: 97
    Info (12023): Found entity 3: N_bit_counter File: C:/Users/Arman/Desktop/Lab4/latticehx1k.v Line: 318
Info (12021): Found 3 design units, including 3 entities, in source file lab4_140l.v
    Info (12023): Found entity 1: Lab4_140L File: C:/Users/Arman/Desktop/Lab4/Lab4_140L.v Line: 1
    Info (12023): Found entity 2: scdp File: C:/Users/Arman/Desktop/Lab4/Lab4_140L.v Line: 111
    Info (12023): Found entity 3: scctrl File: C:/Users/Arman/Desktop/Lab4/Lab4_140L.v Line: 250
Info (12021): Found 1 design units, including 1 entities, in source file fake_pll.v
    Info (12023): Found entity 1: fake_pll File: C:/Users/Arman/Desktop/Lab4/fake_pll.v Line: 26
Info (12021): Found 1 design units, including 1 entities, in source file fake_fifo.v
    Info (12023): Found entity 1: fifo File: C:/Users/Arman/Desktop/Lab4/fake_fifo.v Line: 8
Info (12021): Found 1 design units, including 1 entities, in source file fake_buart.v
    Info (12023): Found entity 1: fake_buart File: C:/Users/Arman/Desktop/Lab4/fake_buart.v Line: 30
Info (12021): Found 1 design units, including 1 entities, in source file dispstring.v
    Info (12023): Found entity 1: dispString File: C:/Users/Arman/Desktop/Lab4/dispString.v Line: 1
Info (12021): Found 1 design units, including 1 entities, in source file decodekeysl4.v
    Info (12023): Found entity 1: decodeKeysL4 File: C:/Users/Arman/Desktop/Lab4/decodeKeysL4.v Line: 36
Info (12021): Found 5 design units, including 5 entities, in source file buart.v
    Info (12023): Found entity 1: baudgen File: C:/Users/Arman/Desktop/Lab4/buart.v Line: 42
    Info (12023): Found entity 2: baudgen2 File: C:/Users/Arman/Desktop/Lab4/buart.v Line: 62
    Info (12023): Found entity 3: uart File: C:/Users/Arman/Desktop/Lab4/buart.v Line: 91
    Info (12023): Found entity 4: rxuart File: C:/Users/Arman/Desktop/Lab4/buart.v Line: 132
    Info (12023): Found entity 5: buart File: C:/Users/Arman/Desktop/Lab4/buart.v Line: 199
Info (12021): Found 1 design units, including 1 entities, in source file bin2asciihex.v
    Info (12023): Found entity 1: bin2AsciiHex File: C:/Users/Arman/Desktop/Lab4/bin2AsciiHex.v Line: 6
Info (12021): Found 1 design units, including 1 entities, in source file asciihex2bin.v
    Info (12023): Found entity 1: asciiHex2Bin File: C:/Users/Arman/Desktop/Lab4/asciiHex2Bin.v Line: 6
Info (12127): Elaborating entity "latticehx1k" for the top level hierarchy
Warning (10034): Output port "sd" at latticehx1k.v(98) has no driver File: C:/Users/Arman/Desktop/Lab4/latticehx1k.v Line: 98
Warning (10034): Output port "to_ir" at latticehx1k.v(102) has no driver File: C:/Users/Arman/Desktop/Lab4/latticehx1k.v Line: 102
Info (12128): Elaborating entity "fake_pll" for hierarchy "fake_pll:uut" File: C:/Users/Arman/Desktop/Lab4/latticehx1k.v Line: 146
Warning (10755): Verilog HDL warning at fake_pll.v(38): assignments to PLLOUTCORE create a combinational loop File: C:/Users/Arman/Desktop/Lab4/fake_pll.v Line: 38
Warning (10034): Output port "PLLOUTGLOBAL" at fake_pll.v(29) has no driver File: C:/Users/Arman/Desktop/Lab4/fake_pll.v Line: 29
Info (12128): Elaborating entity "uartTxBuf" for hierarchy "uartTxBuf:ufifo" File: C:/Users/Arman/Desktop/Lab4/latticehx1k.v Line: 216
Info (12128): Elaborating entity "fifo" for hierarchy "uartTxBuf:ufifo|fifo:fifo" File: C:/Users/Arman/Desktop/Lab4/uarttxbuf.v Line: 75
Warning (10230): Verilog HDL assignment warning at fake_fifo.v(34): truncated value with size 32 to match size of target (9) File: C:/Users/Arman/Desktop/Lab4/fake_fifo.v Line: 34
Warning (10230): Verilog HDL assignment warning at fake_fifo.v(39): truncated value with size 32 to match size of target (9) File: C:/Users/Arman/Desktop/Lab4/fake_fifo.v Line: 39
Info (12128): Elaborating entity "tx_fsm" for hierarchy "uartTxBuf:ufifo|tx_fsm:tx_fsm" File: C:/Users/Arman/Desktop/Lab4/uarttxbuf.v Line: 91
Info (10264): Verilog HDL Case Statement information at uarttxbuf.v(325): all case item expressions in this case statement are onehot File: C:/Users/Arman/Desktop/Lab4/uarttxbuf.v Line: 325
Info (12128): Elaborating entity "emitcrlf_fsm" for hierarchy "uartTxBuf:ufifo|emitcrlf_fsm:emitcrlf_fsm" File: C:/Users/Arman/Desktop/Lab4/uarttxbuf.v Line: 101
Info (12128): Elaborating entity "fake_buart" for hierarchy "fake_buart:buart" File: C:/Users/Arman/Desktop/Lab4/latticehx1k.v Line: 234
Warning (10034): Output port "tx" at fake_buart.v(34) has no driver File: C:/Users/Arman/Desktop/Lab4/fake_buart.v Line: 34
Info (12128): Elaborating entity "resetGen" for hierarchy "resetGen:resetGen" File: C:/Users/Arman/Desktop/Lab4/latticehx1k.v Line: 247
Info (12128): Elaborating entity "N_bit_counter" for hierarchy "resetGen:resetGen|N_bit_counter:uu0" File: C:/Users/Arman/Desktop/Lab4/latticehx1k.v Line: 83
Info (12128): Elaborating entity "Lab4_140L" for hierarchy "Lab4_140L:Lab_UT" File: C:/Users/Arman/Desktop/Lab4/latticehx1k.v Line: 265
Info (12128): Elaborating entity "scdp" for hierarchy "Lab4_140L:Lab_UT|scdp:scdp" File: C:/Users/Arman/Desktop/Lab4/Lab4_140L.v Line: 44
Info (12128): Elaborating entity "asciiHex2Bin" for hierarchy "Lab4_140L:Lab_UT|scdp:scdp|asciiHex2Bin:a2b" File: C:/Users/Arman/Desktop/Lab4/Lab4_140L.v Line: 143
Info (12128): Elaborating entity "regrce" for hierarchy "Lab4_140L:Lab_UT|scdp:scdp|regrce:u0" File: C:/Users/Arman/Desktop/Lab4/Lab4_140L.v Line: 150
Info (12128): Elaborating entity "printable" for hierarchy "Lab4_140L:Lab_UT|scdp:scdp|printable:pinst0" File: C:/Users/Arman/Desktop/Lab4/Lab4_140L.v Line: 156
Info (12128): Elaborating entity "regrce" for hierarchy "Lab4_140L:Lab_UT|scdp:scdp|regrce:u2" File: C:/Users/Arman/Desktop/Lab4/Lab4_140L.v Line: 164
Info (12128): Elaborating entity "bin2AsciiHex" for hierarchy "Lab4_140L:Lab_UT|scdp:scdp|bin2AsciiHex:b2a0" File: C:/Users/Arman/Desktop/Lab4/Lab4_140L.v Line: 182
Info (12128): Elaborating entity "regrce" for hierarchy "Lab4_140L:Lab_UT|scdp:scdp|regrce:rddataDV" File: C:/Users/Arman/Desktop/Lab4/Lab4_140L.v Line: 199
Info (12128): Elaborating entity "lfsr" for hierarchy "Lab4_140L:Lab_UT|scdp:scdp|lfsr:lfsrInst" File: C:/Users/Arman/Desktop/Lab4/Lab4_140L.v Line: 236
Info (12128): Elaborating entity "decodeKeysL4" for hierarchy "Lab4_140L:Lab_UT|decodeKeysL4:dk" File: C:/Users/Arman/Desktop/Lab4/Lab4_140L.v Line: 68
Warning (10036): Verilog HDL or VHDL warning at decodeKeysL4.v(59): object "is_b7_1" assigned a value but never read File: C:/Users/Arman/Desktop/Lab4/decodeKeysL4.v Line: 59
Info (12128): Elaborating entity "scctrl" for hierarchy "Lab4_140L:Lab_UT|scctrl:scctrl" File: C:/Users/Arman/Desktop/Lab4/Lab4_140L.v Line: 100
Warning (10230): Verilog HDL assignment warning at Lab4_140L.v(319): truncated value with size 32 to match size of target (4) File: C:/Users/Arman/Desktop/Lab4/Lab4_140L.v Line: 319
Warning (10235): Verilog HDL Always Construct warning at Lab4_140L.v(324): variable "state" is read inside the Always Construct but isn't in the Always Construct's Event Control File: C:/Users/Arman/Desktop/Lab4/Lab4_140L.v Line: 324
Warning (10235): Verilog HDL Always Construct warning at Lab4_140L.v(326): variable "de_bigE" is read inside the Always Construct but isn't in the Always Construct's Event Control File: C:/Users/Arman/Desktop/Lab4/Lab4_140L.v Line: 326
Warning (10230): Verilog HDL assignment warning at Lab4_140L.v(327): truncated value with size 32 to match size of target (4) File: C:/Users/Arman/Desktop/Lab4/Lab4_140L.v Line: 327
Warning (10235): Verilog HDL Always Construct warning at Lab4_140L.v(331): variable "de_bigD" is read inside the Always Construct but isn't in the Always Construct's Event Control File: C:/Users/Arman/Desktop/Lab4/Lab4_140L.v Line: 331
Warning (10230): Verilog HDL assignment warning at Lab4_140L.v(332): truncated value with size 32 to match size of target (4) File: C:/Users/Arman/Desktop/Lab4/Lab4_140L.v Line: 332
Warning (10235): Verilog HDL Always Construct warning at Lab4_140L.v(333): variable "de_bigL" is read inside the Always Construct but isn't in the Always Construct's Event Control File: C:/Users/Arman/Desktop/Lab4/Lab4_140L.v Line: 333
Warning (10230): Verilog HDL assignment warning at Lab4_140L.v(334): truncated value with size 32 to match size of target (4) File: C:/Users/Arman/Desktop/Lab4/Lab4_140L.v Line: 334
Warning (10230): Verilog HDL assignment warning at Lab4_140L.v(336): truncated value with size 32 to match size of target (4) File: C:/Users/Arman/Desktop/Lab4/Lab4_140L.v Line: 336
Warning (10235): Verilog HDL Always Construct warning at Lab4_140L.v(339): variable "de_cr" is read inside the Always Construct but isn't in the Always Construct's Event Control File: C:/Users/Arman/Desktop/Lab4/Lab4_140L.v Line: 339
Warning (10230): Verilog HDL assignment warning at Lab4_140L.v(340): truncated value with size 32 to match size of target (4) File: C:/Users/Arman/Desktop/Lab4/Lab4_140L.v Line: 340
Warning (10230): Verilog HDL assignment warning at Lab4_140L.v(344): truncated value with size 32 to match size of target (4) File: C:/Users/Arman/Desktop/Lab4/Lab4_140L.v Line: 344
Warning (10235): Verilog HDL Always Construct warning at Lab4_140L.v(345): variable "count" is read inside the Always Construct but isn't in the Always Construct's Event Control File: C:/Users/Arman/Desktop/Lab4/Lab4_140L.v Line: 345
Warning (10235): Verilog HDL Always Construct warning at Lab4_140L.v(347): variable "count" is read inside the Always Construct but isn't in the Always Construct's Event Control File: C:/Users/Arman/Desktop/Lab4/Lab4_140L.v Line: 347
Warning (10235): Verilog HDL Always Construct warning at Lab4_140L.v(352): variable "de_cr" is read inside the Always Construct but isn't in the Always Construct's Event Control File: C:/Users/Arman/Desktop/Lab4/Lab4_140L.v Line: 352
Warning (10230): Verilog HDL assignment warning at Lab4_140L.v(353): truncated value with size 32 to match size of target (4) File: C:/Users/Arman/Desktop/Lab4/Lab4_140L.v Line: 353
Warning (10230): Verilog HDL assignment warning at Lab4_140L.v(355): truncated value with size 32 to match size of target (4) File: C:/Users/Arman/Desktop/Lab4/Lab4_140L.v Line: 355
Warning (10235): Verilog HDL Always Construct warning at Lab4_140L.v(358): variable "de_hex" is read inside the Always Construct but isn't in the Always Construct's Event Control File: C:/Users/Arman/Desktop/Lab4/Lab4_140L.v Line: 358
Warning (10230): Verilog HDL assignment warning at Lab4_140L.v(359): truncated value with size 32 to match size of target (4) File: C:/Users/Arman/Desktop/Lab4/Lab4_140L.v Line: 359
Warning (10230): Verilog HDL assignment warning at Lab4_140L.v(361): truncated value with size 32 to match size of target (4) File: C:/Users/Arman/Desktop/Lab4/Lab4_140L.v Line: 361
Warning (10235): Verilog HDL Always Construct warning at Lab4_140L.v(364): variable "de_hex" is read inside the Always Construct but isn't in the Always Construct's Event Control File: C:/Users/Arman/Desktop/Lab4/Lab4_140L.v Line: 364
Warning (10230): Verilog HDL assignment warning at Lab4_140L.v(365): truncated value with size 32 to match size of target (4) File: C:/Users/Arman/Desktop/Lab4/Lab4_140L.v Line: 365
Warning (10230): Verilog HDL assignment warning at Lab4_140L.v(367): truncated value with size 32 to match size of target (4) File: C:/Users/Arman/Desktop/Lab4/Lab4_140L.v Line: 367
Warning (10235): Verilog HDL Always Construct warning at Lab4_140L.v(370): variable "de_hex" is read inside the Always Construct but isn't in the Always Construct's Event Control File: C:/Users/Arman/Desktop/Lab4/Lab4_140L.v Line: 370
Warning (10230): Verilog HDL assignment warning at Lab4_140L.v(371): truncated value with size 32 to match size of target (4) File: C:/Users/Arman/Desktop/Lab4/Lab4_140L.v Line: 371
Warning (10230): Verilog HDL assignment warning at Lab4_140L.v(373): truncated value with size 32 to match size of target (4) File: C:/Users/Arman/Desktop/Lab4/Lab4_140L.v Line: 373
Warning (10235): Verilog HDL Always Construct warning at Lab4_140L.v(376): variable "de_hex" is read inside the Always Construct but isn't in the Always Construct's Event Control File: C:/Users/Arman/Desktop/Lab4/Lab4_140L.v Line: 376
Warning (10230): Verilog HDL assignment warning at Lab4_140L.v(377): truncated value with size 32 to match size of target (4) File: C:/Users/Arman/Desktop/Lab4/Lab4_140L.v Line: 377
Warning (10230): Verilog HDL assignment warning at Lab4_140L.v(379): truncated value with size 32 to match size of target (4) File: C:/Users/Arman/Desktop/Lab4/Lab4_140L.v Line: 379
Warning (10235): Verilog HDL Always Construct warning at Lab4_140L.v(382): variable "de_hex" is read inside the Always Construct but isn't in the Always Construct's Event Control File: C:/Users/Arman/Desktop/Lab4/Lab4_140L.v Line: 382
Warning (10230): Verilog HDL assignment warning at Lab4_140L.v(383): truncated value with size 32 to match size of target (4) File: C:/Users/Arman/Desktop/Lab4/Lab4_140L.v Line: 383
Warning (10230): Verilog HDL assignment warning at Lab4_140L.v(385): truncated value with size 32 to match size of target (4) File: C:/Users/Arman/Desktop/Lab4/Lab4_140L.v Line: 385
Warning (10235): Verilog HDL Always Construct warning at Lab4_140L.v(388): variable "de_hex" is read inside the Always Construct but isn't in the Always Construct's Event Control File: C:/Users/Arman/Desktop/Lab4/Lab4_140L.v Line: 388
Warning (10230): Verilog HDL assignment warning at Lab4_140L.v(389): truncated value with size 32 to match size of target (4) File: C:/Users/Arman/Desktop/Lab4/Lab4_140L.v Line: 389
Warning (10230): Verilog HDL assignment warning at Lab4_140L.v(391): truncated value with size 32 to match size of target (4) File: C:/Users/Arman/Desktop/Lab4/Lab4_140L.v Line: 391
Warning (10235): Verilog HDL Always Construct warning at Lab4_140L.v(394): variable "de_hex" is read inside the Always Construct but isn't in the Always Construct's Event Control File: C:/Users/Arman/Desktop/Lab4/Lab4_140L.v Line: 394
Warning (10230): Verilog HDL assignment warning at Lab4_140L.v(395): truncated value with size 32 to match size of target (4) File: C:/Users/Arman/Desktop/Lab4/Lab4_140L.v Line: 395
Warning (10230): Verilog HDL assignment warning at Lab4_140L.v(397): truncated value with size 32 to match size of target (4) File: C:/Users/Arman/Desktop/Lab4/Lab4_140L.v Line: 397
Warning (10235): Verilog HDL Always Construct warning at Lab4_140L.v(400): variable "de_cr" is read inside the Always Construct but isn't in the Always Construct's Event Control File: C:/Users/Arman/Desktop/Lab4/Lab4_140L.v Line: 400
Warning (10230): Verilog HDL assignment warning at Lab4_140L.v(401): truncated value with size 32 to match size of target (4) File: C:/Users/Arman/Desktop/Lab4/Lab4_140L.v Line: 401
Warning (10230): Verilog HDL assignment warning at Lab4_140L.v(403): truncated value with size 32 to match size of target (4) File: C:/Users/Arman/Desktop/Lab4/Lab4_140L.v Line: 403
Warning (10270): Verilog HDL Case Statement warning at Lab4_140L.v(324): incomplete case statement has no default case item File: C:/Users/Arman/Desktop/Lab4/Lab4_140L.v Line: 324
Warning (10240): Verilog HDL Always Construct warning at Lab4_140L.v(317): inferring latch(es) for variable "state", which holds its previous value in one or more paths through the always construct File: C:/Users/Arman/Desktop/Lab4/Lab4_140L.v Line: 317
Warning (10240): Verilog HDL Always Construct warning at Lab4_140L.v(317): inferring latch(es) for variable "count", which holds its previous value in one or more paths through the always construct File: C:/Users/Arman/Desktop/Lab4/Lab4_140L.v Line: 317
Warning (10240): Verilog HDL Always Construct warning at Lab4_140L.v(317): inferring latch(es) for variable "inE", which holds its previous value in one or more paths through the always construct File: C:/Users/Arman/Desktop/Lab4/Lab4_140L.v Line: 317
Warning (10034): Output port "sccLdKey" at Lab4_140L.v(259) has no driver File: C:/Users/Arman/Desktop/Lab4/Lab4_140L.v Line: 259
Warning (10034): Output port "sccDecrypt" at Lab4_140L.v(256) has no driver File: C:/Users/Arman/Desktop/Lab4/Lab4_140L.v Line: 256
Warning (10034): Output port "sccDnibble1En" at Lab4_140L.v(257) has no driver File: C:/Users/Arman/Desktop/Lab4/Lab4_140L.v Line: 257
Warning (10034): Output port "sccDnibble2En" at Lab4_140L.v(258) has no driver File: C:/Users/Arman/Desktop/Lab4/Lab4_140L.v Line: 258
Warning (10034): Output port "sccLdLFSR" at Lab4_140L.v(260) has no driver File: C:/Users/Arman/Desktop/Lab4/Lab4_140L.v Line: 260
Info (10041): Inferred latch for "inE" at Lab4_140L.v(317) File: C:/Users/Arman/Desktop/Lab4/Lab4_140L.v Line: 317
Info (10041): Inferred latch for "count[0]" at Lab4_140L.v(317) File: C:/Users/Arman/Desktop/Lab4/Lab4_140L.v Line: 317
Info (10041): Inferred latch for "count[1]" at Lab4_140L.v(317) File: C:/Users/Arman/Desktop/Lab4/Lab4_140L.v Line: 317
Info (10041): Inferred latch for "count[2]" at Lab4_140L.v(317) File: C:/Users/Arman/Desktop/Lab4/Lab4_140L.v Line: 317
Info (10041): Inferred latch for "count[3]" at Lab4_140L.v(317) File: C:/Users/Arman/Desktop/Lab4/Lab4_140L.v Line: 317
Info (10041): Inferred latch for "count[4]" at Lab4_140L.v(317) File: C:/Users/Arman/Desktop/Lab4/Lab4_140L.v Line: 317
Info (10041): Inferred latch for "count[5]" at Lab4_140L.v(317) File: C:/Users/Arman/Desktop/Lab4/Lab4_140L.v Line: 317
Info (10041): Inferred latch for "count[6]" at Lab4_140L.v(317) File: C:/Users/Arman/Desktop/Lab4/Lab4_140L.v Line: 317
Info (10041): Inferred latch for "count[7]" at Lab4_140L.v(317) File: C:/Users/Arman/Desktop/Lab4/Lab4_140L.v Line: 317
Info (10041): Inferred latch for "count[8]" at Lab4_140L.v(317) File: C:/Users/Arman/Desktop/Lab4/Lab4_140L.v Line: 317
Info (10041): Inferred latch for "count[9]" at Lab4_140L.v(317) File: C:/Users/Arman/Desktop/Lab4/Lab4_140L.v Line: 317
Info (10041): Inferred latch for "count[10]" at Lab4_140L.v(317) File: C:/Users/Arman/Desktop/Lab4/Lab4_140L.v Line: 317
Info (10041): Inferred latch for "count[11]" at Lab4_140L.v(317) File: C:/Users/Arman/Desktop/Lab4/Lab4_140L.v Line: 317
Info (10041): Inferred latch for "count[12]" at Lab4_140L.v(317) File: C:/Users/Arman/Desktop/Lab4/Lab4_140L.v Line: 317
Info (10041): Inferred latch for "count[13]" at Lab4_140L.v(317) File: C:/Users/Arman/Desktop/Lab4/Lab4_140L.v Line: 317
Info (10041): Inferred latch for "count[14]" at Lab4_140L.v(317) File: C:/Users/Arman/Desktop/Lab4/Lab4_140L.v Line: 317
Info (10041): Inferred latch for "count[15]" at Lab4_140L.v(317) File: C:/Users/Arman/Desktop/Lab4/Lab4_140L.v Line: 317
Info (10041): Inferred latch for "count[16]" at Lab4_140L.v(317) File: C:/Users/Arman/Desktop/Lab4/Lab4_140L.v Line: 317
Info (10041): Inferred latch for "count[17]" at Lab4_140L.v(317) File: C:/Users/Arman/Desktop/Lab4/Lab4_140L.v Line: 317
Info (10041): Inferred latch for "count[18]" at Lab4_140L.v(317) File: C:/Users/Arman/Desktop/Lab4/Lab4_140L.v Line: 317
Info (10041): Inferred latch for "count[19]" at Lab4_140L.v(317) File: C:/Users/Arman/Desktop/Lab4/Lab4_140L.v Line: 317
Info (10041): Inferred latch for "count[20]" at Lab4_140L.v(317) File: C:/Users/Arman/Desktop/Lab4/Lab4_140L.v Line: 317
Info (10041): Inferred latch for "count[21]" at Lab4_140L.v(317) File: C:/Users/Arman/Desktop/Lab4/Lab4_140L.v Line: 317
Info (10041): Inferred latch for "count[22]" at Lab4_140L.v(317) File: C:/Users/Arman/Desktop/Lab4/Lab4_140L.v Line: 317
Info (10041): Inferred latch for "count[23]" at Lab4_140L.v(317) File: C:/Users/Arman/Desktop/Lab4/Lab4_140L.v Line: 317
Info (10041): Inferred latch for "count[24]" at Lab4_140L.v(317) File: C:/Users/Arman/Desktop/Lab4/Lab4_140L.v Line: 317
Info (10041): Inferred latch for "count[25]" at Lab4_140L.v(317) File: C:/Users/Arman/Desktop/Lab4/Lab4_140L.v Line: 317
Info (10041): Inferred latch for "count[26]" at Lab4_140L.v(317) File: C:/Users/Arman/Desktop/Lab4/Lab4_140L.v Line: 317
Info (10041): Inferred latch for "count[27]" at Lab4_140L.v(317) File: C:/Users/Arman/Desktop/Lab4/Lab4_140L.v Line: 317
Info (10041): Inferred latch for "count[28]" at Lab4_140L.v(317) File: C:/Users/Arman/Desktop/Lab4/Lab4_140L.v Line: 317
Info (10041): Inferred latch for "count[29]" at Lab4_140L.v(317) File: C:/Users/Arman/Desktop/Lab4/Lab4_140L.v Line: 317
Info (10041): Inferred latch for "count[30]" at Lab4_140L.v(317) File: C:/Users/Arman/Desktop/Lab4/Lab4_140L.v Line: 317
Info (10041): Inferred latch for "count[31]" at Lab4_140L.v(317) File: C:/Users/Arman/Desktop/Lab4/Lab4_140L.v Line: 317
Info (10041): Inferred latch for "state[0]" at Lab4_140L.v(317) File: C:/Users/Arman/Desktop/Lab4/Lab4_140L.v Line: 317
Info (10041): Inferred latch for "state[1]" at Lab4_140L.v(317) File: C:/Users/Arman/Desktop/Lab4/Lab4_140L.v Line: 317
Info (10041): Inferred latch for "state[2]" at Lab4_140L.v(317) File: C:/Users/Arman/Desktop/Lab4/Lab4_140L.v Line: 317
Info (10041): Inferred latch for "state[3]" at Lab4_140L.v(317) File: C:/Users/Arman/Desktop/Lab4/Lab4_140L.v Line: 317
Info (12128): Elaborating entity "regrce" for hierarchy "Lab4_140L:Lab_UT|scctrl:scctrl|regrce:r1" File: C:/Users/Arman/Desktop/Lab4/Lab4_140L.v Line: 409
Warning (13012): Latch Lab4_140L:Lab_UT|scctrl:scctrl|state[0] has unsafe behavior File: C:/Users/Arman/Desktop/Lab4/Lab4_140L.v Line: 317
    Warning (13013): Ports D and ENA on the latch are fed by the same signal Lab4_140L:Lab_UT|scctrl:scctrl|state[3] File: C:/Users/Arman/Desktop/Lab4/Lab4_140L.v Line: 317
Warning (13012): Latch Lab4_140L:Lab_UT|scctrl:scctrl|state[1] has unsafe behavior File: C:/Users/Arman/Desktop/Lab4/Lab4_140L.v Line: 317
    Warning (13013): Ports D and ENA on the latch are fed by the same signal Lab4_140L:Lab_UT|scctrl:scctrl|state[2] File: C:/Users/Arman/Desktop/Lab4/Lab4_140L.v Line: 317
Warning (13012): Latch Lab4_140L:Lab_UT|scctrl:scctrl|state[2] has unsafe behavior File: C:/Users/Arman/Desktop/Lab4/Lab4_140L.v Line: 317
    Warning (13013): Ports D and ENA on the latch are fed by the same signal Lab4_140L:Lab_UT|scctrl:scctrl|state[3] File: C:/Users/Arman/Desktop/Lab4/Lab4_140L.v Line: 317
Warning (13012): Latch Lab4_140L:Lab_UT|scctrl:scctrl|state[3] has unsafe behavior File: C:/Users/Arman/Desktop/Lab4/Lab4_140L.v Line: 317
    Warning (13013): Ports D and ENA on the latch are fed by the same signal Lab4_140L:Lab_UT|scctrl:scctrl|state[2] File: C:/Users/Arman/Desktop/Lab4/Lab4_140L.v Line: 317
Warning (13012): Latch Lab4_140L:Lab_UT|scctrl:scctrl|inE has unsafe behavior File: C:/Users/Arman/Desktop/Lab4/Lab4_140L.v Line: 315
    Warning (13013): Ports D and ENA on the latch are fed by the same signal Lab4_140L:Lab_UT|decodeKeysL4:dk|de_cr File: C:/Users/Arman/Desktop/Lab4/decodeKeysL4.v Line: 45
Warning (13012): Latch Lab4_140L:Lab_UT|scctrl:scctrl|count[0] has unsafe behavior File: C:/Users/Arman/Desktop/Lab4/Lab4_140L.v Line: 317
    Warning (13013): Ports D and ENA on the latch are fed by the same signal Lab4_140L:Lab_UT|scctrl:scctrl|state[0] File: C:/Users/Arman/Desktop/Lab4/Lab4_140L.v Line: 317
Warning (13024): Output pins are stuck at VCC or GND
    Warning (13410): Pin "sd" is stuck at GND File: C:/Users/Arman/Desktop/Lab4/latticehx1k.v Line: 98
    Warning (13410): Pin "to_ir" is stuck at GND File: C:/Users/Arman/Desktop/Lab4/latticehx1k.v Line: 102
    Warning (13410): Pin "o_serial_data" is stuck at GND File: C:/Users/Arman/Desktop/Lab4/latticehx1k.v Line: 103
    Warning (13410): Pin "led[3]" is stuck at GND File: C:/Users/Arman/Desktop/Lab4/latticehx1k.v Line: 110
Info (17049): 5 registers lost all their fanouts during netlist optimizations.
Warning (21074): Design contains 2 input pin(s) that do not drive logic
    Warning (15610): No output dependent on input pin "clk_in" File: C:/Users/Arman/Desktop/Lab4/latticehx1k.v Line: 100
    Warning (15610): No output dependent on input pin "from_pc" File: C:/Users/Arman/Desktop/Lab4/latticehx1k.v Line: 101
Info (21057): Implemented 6699 device resources after synthesis - the final resource count might be different
    Info (21058): Implemented 12 input pins
    Info (21059): Implemented 17 output pins
    Info (21061): Implemented 6670 logic cells
Info (144001): Generated suppressed messages file C:/Users/Arman/Desktop/Lab4/output_files/Lab4.map.smsg
Info: Quartus Prime Analysis & Synthesis was successful. 0 errors, 79 warnings
    Info: Peak virtual memory: 582 megabytes
    Info: Processing ended: Sun Jun 02 20:39:28 2019
    Info: Elapsed time: 00:00:12
    Info: Total CPU time (on all processors): 00:00:26


+------------------------------------------+
; Analysis & Synthesis Suppressed Messages ;
+------------------------------------------+
The suppressed messages can be found in C:/Users/Arman/Desktop/Lab4/output_files/Lab4.map.smsg.


